node_modules/@tanstack/query-core/build/legacy/_tsup-dts-rollup.d.ts(2,25): error TS2307: Cannot find module 'tsup' or its corresponding type declarations.
node_modules/@tanstack/react-query/build/legacy/_tsup-dts-rollup.d.ts(93,25): error TS2307: Cannot find module 'tsup' or its corresponding type declarations.
node_modules/@vitest/expect/dist/index.d.ts(6,27): error TS2307: Cannot find module '@vitest/utils/display' or its corresponding type declarations.
  There are types at '/Users/haewonkim/home/development/sysgrid/frontend/node_modules/@vitest/utils/dist/display.d.ts', but this result could not be resolved under your current 'moduleResolution' setting. Consider updating to 'node16', 'nodenext', or 'bundler'.
node_modules/goober/goober.d.ts(3,1): error TS1203: Export assignment cannot be used when targeting ECMAScript modules. Consider using 'export default' or another module format instead.
node_modules/vite/dist/node/index.d.ts(1,23): error TS2688: Cannot find type definition file for 'node'.
node_modules/vite/dist/node/index.d.ts(5,41): error TS2307: Cannot find module 'rollup/parseAst' or its corresponding type declarations.
  There are types at '/Users/haewonkim/home/development/sysgrid/frontend/node_modules/rollup/dist/parseAst.d.ts', but this result could not be resolved under your current 'moduleResolution' setting. Consider updating to 'node16', 'nodenext', or 'bundler'.
node_modules/vite/dist/node/index.d.ts(6,23): error TS2307: Cannot find module 'node:http' or its corresponding type declarations.
node_modules/vite/dist/node/index.d.ts(7,119): error TS2307: Cannot find module 'node:http' or its corresponding type declarations.
node_modules/vite/dist/node/index.d.ts(8,35): error TS2307: Cannot find module 'node:http2' or its corresponding type declarations.
node_modules/vite/dist/node/index.d.ts(9,21): error TS2307: Cannot find module 'node:fs' or its corresponding type declarations.
node_modules/vite/dist/node/index.d.ts(10,25): error TS2307: Cannot find module 'node:events' or its corresponding type declarations.
node_modules/vite/dist/node/index.d.ts(11,30): error TS2307: Cannot find module 'node:events' or its corresponding type declarations.
node_modules/vite/dist/node/index.d.ts(12,76): error TS2307: Cannot find module 'node:https' or its corresponding type declarations.
node_modules/vite/dist/node/index.d.ts(13,22): error TS2307: Cannot find module 'node:net' or its corresponding type declarations.
node_modules/vite/dist/node/index.d.ts(14,22): error TS2307: Cannot find module 'node:url' or its corresponding type declarations.
node_modules/vite/dist/node/index.d.ts(15,21): error TS2307: Cannot find module 'node:url' or its corresponding type declarations.
node_modules/vite/dist/node/index.d.ts(16,25): error TS2307: Cannot find module 'node:stream' or its corresponding type declarations.
node_modules/vite/dist/node/index.d.ts(17,39): error TS2307: Cannot find module 'node:stream' or its corresponding type declarations.
node_modules/vite/dist/node/index.d.ts(20,38): error TS2307: Cannot find module 'node:tls' or its corresponding type declarations.
node_modules/vite/dist/node/index.d.ts(21,29): error TS2307: Cannot find module 'node:zlib' or its corresponding type declarations.
node_modules/vite/dist/node/index.d.ts(309,35): error TS2503: Cannot find namespace 'NodeJS'.
node_modules/vite/dist/node/index.d.ts(391,11): error TS2580: Cannot find name 'Buffer'. Do you need to install type definitions for node? Try `npm i --save-dev @types/node`.
node_modules/vite/dist/node/index.d.ts(1014,40): error TS2580: Cannot find name 'Buffer'. Do you need to install type definitions for node? Try `npm i --save-dev @types/node`.
node_modules/vite/dist/node/index.d.ts(1084,55): error TS2580: Cannot find name 'Buffer'. Do you need to install type definitions for node? Try `npm i --save-dev @types/node`.
node_modules/vite/dist/node/index.d.ts(1102,39): error TS2580: Cannot find name 'Buffer'. Do you need to install type definitions for node? Try `npm i --save-dev @types/node`.
node_modules/vite/dist/node/index.d.ts(1119,55): error TS2580: Cannot find name 'Buffer'. Do you need to install type definitions for node? Try `npm i --save-dev @types/node`.
node_modules/vite/dist/node/index.d.ts(1137,39): error TS2580: Cannot find name 'Buffer'. Do you need to install type definitions for node? Try `npm i --save-dev @types/node`.
node_modules/vite/dist/node/index.d.ts(1154,55): error TS2580: Cannot find name 'Buffer'. Do you need to install type definitions for node? Try `npm i --save-dev @types/node`.
node_modules/vite/dist/node/index.d.ts(1172,39): error TS2580: Cannot find name 'Buffer'. Do you need to install type definitions for node? Try `npm i --save-dev @types/node`.
node_modules/vite/dist/node/index.d.ts(1189,38): error TS2580: Cannot find name 'Buffer'. Do you need to install type definitions for node? Try `npm i --save-dev @types/node`.
node_modules/vite/dist/node/index.d.ts(1201,56): error TS2580: Cannot find name 'Buffer'. Do you need to install type definitions for node? Try `npm i --save-dev @types/node`.
node_modules/vite/dist/node/index.d.ts(1210,38): error TS2580: Cannot find name 'Buffer'. Do you need to install type definitions for node? Try `npm i --save-dev @types/node`.
node_modules/vite/dist/node/index.d.ts(1222,59): error TS2580: Cannot find name 'Buffer'. Do you need to install type definitions for node? Try `npm i --save-dev @types/node`.
node_modules/vite/dist/node/index.d.ts(1237,18): error TS2580: Cannot find name 'Buffer'. Do you need to install type definitions for node? Try `npm i --save-dev @types/node`.
node_modules/vite/dist/node/index.d.ts(1237,41): error TS2580: Cannot find name 'Buffer'. Do you need to install type definitions for node? Try `npm i --save-dev @types/node`.
node_modules/vite/dist/node/index.d.ts(1242,24): error TS2580: Cannot find name 'Buffer'. Do you need to install type definitions for node? Try `npm i --save-dev @types/node`.
node_modules/vite/dist/node/index.d.ts(1242,47): error TS2580: Cannot find name 'Buffer'. Do you need to install type definitions for node? Try `npm i --save-dev @types/node`.
node_modules/vite/dist/node/index.d.ts(1247,39): error TS2580: Cannot find name 'Buffer'. Do you need to install type definitions for node? Try `npm i --save-dev @types/node`.
node_modules/vite/dist/node/index.d.ts(1247,48): error TS2580: Cannot find name 'Buffer'. Do you need to install type definitions for node? Try `npm i --save-dev @types/node`.
node_modules/vite/dist/node/index.d.ts(1278,25): error TS2580: Cannot find name 'Buffer'. Do you need to install type definitions for node? Try `npm i --save-dev @types/node`.
node_modules/vite/dist/node/index.d.ts(1309,24): error TS2580: Cannot find name 'Buffer'. Do you need to install type definitions for node? Try `npm i --save-dev @types/node`.
node_modules/vite/dist/node/index.d.ts(1309,33): error TS2580: Cannot find name 'Buffer'. Do you need to install type definitions for node? Try `npm i --save-dev @types/node`.
node_modules/vite/dist/node/index.d.ts(1389,20): error TS2580: Cannot find name 'Buffer'. Do you need to install type definitions for node? Try `npm i --save-dev @types/node`.
node_modules/vite/dist/node/index.d.ts(2401,63): error TS2580: Cannot find name 'Buffer'. Do you need to install type definitions for node? Try `npm i --save-dev @types/node`.
node_modules/vite/dist/node/index.d.ts(3561,84): error TS2580: Cannot find name 'Buffer'. Do you need to install type definitions for node? Try `npm i --save-dev @types/node`.
node_modules/vitest/dist/chunks/evaluatedModules.d.BxJ5omdx.d.ts(1,34): error TS2307: Cannot find module 'vite/module-runner' or its corresponding type declarations.
  There are types at '/Users/haewonkim/home/development/sysgrid/frontend/node_modules/vitest/node_modules/vite/dist/node/module-runner.d.ts', but this result could not be resolved under your current 'moduleResolution' setting. Consider updating to 'node16', 'nodenext', or 'bundler'.
node_modules/vitest/dist/chunks/rpc.d.B_8sPU0w.d.ts(3,51): error TS2307: Cannot find module 'vite/module-runner' or its corresponding type declarations.
  There are types at '/Users/haewonkim/home/development/sysgrid/frontend/node_modules/vitest/node_modules/vite/dist/node/module-runner.d.ts', but this result could not be resolved under your current 'moduleResolution' setting. Consider updating to 'node16', 'nodenext', or 'bundler'.
node_modules/vitest/dist/chunks/worker.d.ZpHpO4yb.d.ts(2,34): error TS2307: Cannot find module 'vite/module-runner' or its corresponding type declarations.
  There are types at '/Users/haewonkim/home/development/sysgrid/frontend/node_modules/vitest/node_modules/vite/dist/node/module-runner.d.ts', but this result could not be resolved under your current 'moduleResolution' setting. Consider updating to 'node16', 'nodenext', or 'bundler'.
src/api/apiClient.ts(13,5): error TS1343: The 'import.meta' meta-property is only allowed when the '--module' option is 'es2020', 'es2022', 'esnext', 'system', 'node16', 'node18', 'node20', or 'nodenext'.
src/api/apiClient.ts(13,17): error TS2339: Property 'env' does not exist on type 'ImportMeta'.
src/api/apiClient.ts(22,11): error TS1343: The 'import.meta' meta-property is only allowed when the '--module' option is 'es2020', 'es2022', 'esnext', 'system', 'node16', 'node18', 'node20', or 'nodenext'.
src/api/apiClient.ts(22,23): error TS2339: Property 'env' does not exist on type 'ImportMeta'.
src/components/Assets.tsx(1427,46): error TS2448: Block-scoped variable 'showBulkMenu' used before its declaration.
src/components/Assets.tsx(1520,17): error TS2345: Argument of type '"grid"' is not assignable to parameter of type 'SetStateAction<"table" | "graph">'.
src/components/Assets.tsx(1621,9): error TS2367: This comparison appears to be unintentional because the types '"table" | "graph"' and '"compare"' have no overlap.
src/components/Assets.tsx(1622,19): error TS2345: Argument of type '"grid"' is not assignable to parameter of type 'SetStateAction<"table" | "graph">'.
src/components/Assets.tsx(1627,9): error TS2367: This comparison appears to be unintentional because the types '"table" | "graph"' and '"grid"' have no overlap.
src/components/Assets.tsx(1644,14): error TS2367: This comparison appears to be unintentional because the types '"table" | "graph"' and '"map"' have no overlap.
src/components/Assets.tsx(1650,14): error TS2367: This comparison appears to be unintentional because the types '"table" | "graph"' and '"map"' have no overlap.
src/components/Assets.tsx(1692,11): error TS2367: This comparison appears to be unintentional because the types '"table" | "graph"' and '"compare"' have no overlap.
src/components/Assets.tsx(1696,7): error TS2304: Cannot find name 'setIsBulkStatusOpen'.
src/components/Assets.tsx(1746,13): error TS2304: Cannot find name 'hiddenColumns'.
src/components/Assets.tsx(1748,253): error TS2304: Cannot find name 'fontSize'.
src/components/Assets.tsx(1748,316): error TS2304: Cannot find name 'fontSize'.
src/components/Assets.tsx(1748,397): error TS2304: Cannot find name 'hiddenColumns'.
src/components/Assets.tsx(1766,44): error TS2304: Cannot find name 'fontSize'.
src/components/Assets.tsx(1768,13): error TS2304: Cannot find name 'hiddenColumns'.
src/components/Assets.tsx(1790,43): error TS2304: Cannot find name 'fontSize'.
src/components/Assets.tsx(1797,13): error TS2304: Cannot find name 'hiddenColumns'.
src/components/Assets.tsx(1800,256): error TS2304: Cannot find name 'fontSize'.
src/components/Assets.tsx(1800,319): error TS2304: Cannot find name 'fontSize'.
src/components/Assets.tsx(1800,400): error TS2304: Cannot find name 'hiddenColumns'.
src/components/Assets.tsx(1801,242): error TS2304: Cannot find name 'fontSize'.
src/components/Assets.tsx(1801,305): error TS2304: Cannot find name 'fontSize'.
src/components/Assets.tsx(1801,386): error TS2304: Cannot find name 'hiddenColumns'.
src/components/Assets.tsx(1802,248): error TS2304: Cannot find name 'fontSize'.
src/components/Assets.tsx(1802,311): error TS2304: Cannot find name 'fontSize'.
src/components/Assets.tsx(1802,392): error TS2304: Cannot find name 'hiddenColumns'.
src/components/Assets.tsx(1803,242): error TS2304: Cannot find name 'fontSize'.
src/components/Assets.tsx(1803,305): error TS2304: Cannot find name 'fontSize'.
src/components/Assets.tsx(1803,386): error TS2304: Cannot find name 'hiddenColumns'.
src/components/Assets.tsx(1804,240): error TS2304: Cannot find name 'fontSize'.
src/components/Assets.tsx(1804,303): error TS2304: Cannot find name 'fontSize'.
src/components/Assets.tsx(1804,384): error TS2304: Cannot find name 'hiddenColumns'.
src/components/Assets.tsx(1805,245): error TS2304: Cannot find name 'fontSize'.
src/components/Assets.tsx(1805,308): error TS2304: Cannot find name 'fontSize'.
src/components/Assets.tsx(1805,389): error TS2304: Cannot find name 'hiddenColumns'.
src/components/Assets.tsx(1810,39): error TS2304: Cannot find name 'fontSize'.
src/components/Assets.tsx(1814,13): error TS2304: Cannot find name 'hiddenColumns'.
src/components/Assets.tsx(1820,39): error TS2304: Cannot find name 'fontSize'.
src/components/Assets.tsx(1824,13): error TS2304: Cannot find name 'hiddenColumns'.
src/components/Assets.tsx(1834,71): error TS2304: Cannot find name 'fontSize'.
src/components/Assets.tsx(1834,134): error TS2304: Cannot find name 'fontSize'.
src/components/Assets.tsx(1835,13): error TS2304: Cannot find name 'hiddenColumns'.
src/components/Assets.tsx(1845,71): error TS2304: Cannot find name 'fontSize'.
src/components/Assets.tsx(1845,134): error TS2304: Cannot find name 'fontSize'.
src/components/Assets.tsx(1846,13): error TS2304: Cannot find name 'hiddenColumns'.
src/components/Assets.tsx(1859,43): error TS2304: Cannot find name 'fontSize'.
src/components/Assets.tsx(1865,13): error TS2304: Cannot find name 'hiddenColumns'.
src/components/Assets.tsx(1868,247): error TS2304: Cannot find name 'fontSize'.
src/components/Assets.tsx(1868,310): error TS2304: Cannot find name 'fontSize'.
src/components/Assets.tsx(1868,391): error TS2304: Cannot find name 'hiddenColumns'.
src/components/Assets.tsx(1869,247): error TS2304: Cannot find name 'fontSize'.
src/components/Assets.tsx(1869,310): error TS2304: Cannot find name 'fontSize'.
src/components/Assets.tsx(1869,391): error TS2304: Cannot find name 'hiddenColumns'.
src/components/Assets.tsx(1878,61): error TS2304: Cannot find name 'fontSize'.
src/components/Assets.tsx(1879,13): error TS2304: Cannot find name 'hiddenColumns'.
src/components/Assets.tsx(1889,61): error TS2304: Cannot find name 'fontSize'.
src/components/Assets.tsx(1890,13): error TS2304: Cannot find name 'hiddenColumns'.
src/components/Assets.tsx(1892,231): error TS2304: Cannot find name 'fontSize'.
src/components/Assets.tsx(1892,294): error TS2304: Cannot find name 'fontSize'.
src/components/Assets.tsx(1892,375): error TS2304: Cannot find name 'hiddenColumns'.
src/components/Assets.tsx(1893,219): error TS2304: Cannot find name 'fontSize'.
src/components/Assets.tsx(1893,259): error TS2304: Cannot find name 'hiddenColumns'.
src/components/Assets.tsx(1894,197): error TS2304: Cannot find name 'fontSize'.
src/components/Assets.tsx(1894,270): error TS2304: Cannot find name 'hiddenColumns'.
src/components/Assets.tsx(1895,193): error TS2304: Cannot find name 'fontSize'.
src/components/Assets.tsx(1895,266): error TS2304: Cannot find name 'hiddenColumns'.
src/components/Assets.tsx(1924,18): error TS2304: Cannot find name 'hiddenColumns'.
src/components/Assets.tsx(1924,33): error TS2304: Cannot find name 'fontSize'.
src/components/Assets.tsx(2034,52): error TS2345: Argument of type '"grid"' is not assignable to parameter of type 'SetStateAction<"table" | "graph">'.
src/components/Assets.tsx(2034,187): error TS2367: This comparison appears to be unintentional because the types '"table" | "graph"' and '"grid"' have no overlap.
src/components/Assets.tsx(2037,52): error TS2345: Argument of type '"report"' is not assignable to parameter of type 'SetStateAction<"table" | "graph">'.
src/components/Assets.tsx(2037,189): error TS2367: This comparison appears to be unintentional because the types '"table" | "graph"' and '"report"' have no overlap.
src/components/Assets.tsx(2040,52): error TS2345: Argument of type '"map"' is not assignable to parameter of type 'SetStateAction<"table" | "graph">'.
src/components/Assets.tsx(2040,186): error TS2367: This comparison appears to be unintentional because the types '"table" | "graph"' and '"map"' have no overlap.
src/components/Assets.tsx(2045,13): error TS2367: This comparison appears to be unintentional because the types '"table" | "graph"' and '"grid"' have no overlap.
src/components/Assets.tsx(2057,10): error TS2367: This comparison appears to be unintentional because the types '"table" | "graph"' and '"grid"' have no overlap.
src/components/Assets.tsx(2089,39): error TS2304: Cannot find name 'setShowStyleLab'.
src/components/Assets.tsx(2089,56): error TS2304: Cannot find name 'showStyleLab'.
src/components/Assets.tsx(2089,109): error TS2304: Cannot find name 'showStyleLab'.
src/components/Assets.tsx(2092,39): error TS2304: Cannot find name 'setShowColumnPicker'.
src/components/Assets.tsx(2092,60): error TS2304: Cannot find name 'showColumnPicker'.
src/components/Assets.tsx(2092,117): error TS2304: Cannot find name 'showColumnPicker'.
src/components/Assets.tsx(2104,39): error TS2304: Cannot find name 'setShowConfig'.
src/components/Assets.tsx(2126,102): error TS2345: Argument of type '"compare"' is not assignable to parameter of type 'SetStateAction<"table" | "graph">'.
src/components/Assets.tsx(2132,147): error TS2345: Argument of type '"compare"' is not assignable to parameter of type 'SetStateAction<"table" | "graph">'.
src/components/Assets.tsx(2137,52): error TS2304: Cannot find name 'setIsBulkStatusOpen'.
src/components/Assets.tsx(2138,52): error TS2304: Cannot find name 'setIsBulkEnvOpen'.
src/components/Assets.tsx(2157,10): error TS2367: This comparison appears to be unintentional because the types '"table" | "graph"' and '"grid"' have no overlap.
src/components/Assets.tsx(2160,8): error TS2367: This comparison appears to be unintentional because the types '"table" | "graph"' and '"grid"' have no overlap.
src/components/Assets.tsx(2173,27): error TS2304: Cannot find name 'fontSize'.
src/components/Assets.tsx(2173,38): error TS2304: Cannot find name 'rowDensity'.
src/components/Assets.tsx(2174,24): error TS2304: Cannot find name 'fontSize'.
src/components/Assets.tsx(2174,35): error TS2304: Cannot find name 'rowDensity'.
src/components/Assets.tsx(2201,14): error TS2304: Cannot find name 'showColumnPicker'.
src/components/Assets.tsx(2212,42): error TS2304: Cannot find name 'setShowColumnPicker'.
src/components/Assets.tsx(2220,37): error TS2304: Cannot find name 'hiddenColumns'.
src/components/Assets.tsx(2222,33): error TS2304: Cannot find name 'hiddenColumns'.
src/components/Assets.tsx(2223,31): error TS2304: Cannot find name 'setHiddenColumns'.
src/components/Assets.tsx(2223,48): error TS2304: Cannot find name 'hiddenColumns'.
src/components/Assets.tsx(2225,31): error TS2304: Cannot find name 'setHiddenColumns'.
src/components/Assets.tsx(2225,52): error TS2304: Cannot find name 'hiddenColumns'.
src/components/Assets.tsx(2230,86): error TS2304: Cannot find name 'hiddenColumns'.
src/components/Assets.tsx(2231,30): error TS2304: Cannot find name 'hiddenColumns'.
src/components/Assets.tsx(2234,110): error TS2304: Cannot find name 'hiddenColumns'.
src/components/Assets.tsx(2239,43): error TS2304: Cannot find name 'setHiddenColumns'.
src/components/Assets.tsx(2245,11): error TS2367: This comparison appears to be unintentional because the types '"table" | "graph"' and '"report"' have no overlap.
src/components/Assets.tsx(2257,11): error TS2367: This comparison appears to be unintentional because the types '"table" | "graph"' and '"compare"' have no overlap.
src/components/Assets.tsx(2261,39): error TS2345: Argument of type '"grid"' is not assignable to parameter of type 'SetStateAction<"table" | "graph">'.
src/components/Assets.tsx(2276,17): error TS2304: Cannot find name 'isBulkStatusOpen'.
src/components/Assets.tsx(2277,24): error TS2304: Cannot find name 'setIsBulkStatusOpen'.
src/components/Assets.tsx(2284,17): error TS2304: Cannot find name 'isBulkEnvOpen'.
src/components/Assets.tsx(2285,24): error TS2304: Cannot find name 'setIsBulkEnvOpen'.
src/components/Assets.tsx(2304,22): error TS2304: Cannot find name 'isMaximized'.
src/components/Assets.tsx(2305,33): error TS2304: Cannot find name 'setIsMaximized'.
src/components/Assets.tsx(2305,49): error TS2304: Cannot find name 'isMaximized'.
src/components/Assets.tsx(2320,22): error TS2304: Cannot find name 'isMaximized'.
src/components/Assets.tsx(2321,33): error TS2304: Cannot find name 'setIsMaximized'.
src/components/Assets.tsx(2321,49): error TS2304: Cannot find name 'isMaximized'.
src/components/Assets.tsx(2322,9): error TS2322: Type 'Element' is not assignable to type 'string'.
src/components/Assets.tsx(2387,17): error TS2304: Cannot find name 'showConfig'.
src/components/Assets.tsx(2388,24): error TS2304: Cannot find name 'setShowConfig'.
src/components/Assets.tsx(2406,29): error TS2304: Cannot find name 'fontSize'.
src/components/Assets.tsx(2413,26): error TS2304: Cannot find name 'fontSize'.
src/components/Assets.tsx(2421,26): error TS2304: Cannot find name 'fontSize'.
src/components/Assets.tsx(3104,74): error TS2304: Cannot find name 'showBulkMenu'.
src/components/assets/AssetDetailsView.tsx(2,22): error TS2304: Cannot find name 'useNavigate'.
src/components/assets/AssetDetailsView.tsx(3,27): error TS2304: Cannot find name 'useState'.
src/components/assets/AssetDetailsView.tsx(4,25): error TS2304: Cannot find name 'useQueryClient'.
src/components/assets/AssetDetailsView.tsx(7,32): error TS2304: Cannot find name 'useQuery'.
src/components/assets/AssetDetailsView.tsx(9,42): error TS2304: Cannot find name 'apiFetch'.
src/components/assets/AssetDetailsView.tsx(13,38): error TS2304: Cannot find name 'useQuery'.
src/components/assets/AssetDetailsView.tsx(15,42): error TS2304: Cannot find name 'apiFetch'.
src/components/assets/AssetDetailsView.tsx(19,39): error TS2304: Cannot find name 'useQuery'.
src/components/assets/AssetDetailsView.tsx(21,35): error TS2304: Cannot find name 'apiFetch'.
src/components/assets/AssetDetailsView.tsx(25,41): error TS2304: Cannot find name 'useQuery'.
src/components/assets/AssetDetailsView.tsx(27,42): error TS2304: Cannot find name 'apiFetch'.
src/components/assets/AssetDetailsView.tsx(31,40): error TS2304: Cannot find name 'useQuery'.
src/components/assets/AssetDetailsView.tsx(33,35): error TS2304: Cannot find name 'apiFetch'.
src/components/assets/AssetDetailsView.tsx(38,42): error TS2304: Cannot find name 'useQuery'.
src/components/assets/AssetDetailsView.tsx(44,23): error TS2304: Cannot find name 'apiFetch'.
src/components/assets/AssetDetailsView.tsx(49,42): error TS2304: Cannot find name 'useQuery'.
src/components/assets/AssetDetailsView.tsx(51,35): error TS2304: Cannot find name 'apiFetch'.
src/components/assets/AssetDetailsView.tsx(55,39): error TS2304: Cannot find name 'useQuery'.
src/components/assets/AssetDetailsView.tsx(57,35): error TS2304: Cannot find name 'apiFetch'.
src/components/assets/AssetDetailsView.tsx(61,24): error TS2304: Cannot find name 'getAssetConsoleUrl'.
src/components/assets/AssetDetailsView.tsx(69,22): error TS2304: Cannot find name 'useMutation'.
src/components/assets/AssetDetailsView.tsx(71,31): error TS2304: Cannot find name 'apiFetch'.
src/components/assets/AssetDetailsView.tsx(77,146): error TS2304: Cannot find name 'toast'.
src/components/assets/AssetDetailsView.tsx(78,30): error TS2304: Cannot find name 'toast'.
src/components/assets/AssetDetailsView.tsx(89,32): error TS2304: Cannot find name 'Box'.
src/components/assets/AssetDetailsView.tsx(165,51): error TS2304: Cannot find name 'MonitoringTab'.
src/components/assets/AssetDetailsView.tsx(167,30): error TS2304: Cannot find name 'AssetServicesTable'.
src/components/assets/AssetDetailsView.tsx(173,48): error TS2304: Cannot find name 'NetworkingTab'.
src/components/assets/AssetDetailsView.tsx(175,49): error TS2304: Cannot find name 'SecurityTab'.
src/components/assets/AssetDetailsView.tsx(178,33): error TS2304: Cannot find name 'MetadataViewer'.
src/components/assets/AssetDetailsView.tsx(196,28): error TS2304: Cannot find name 'Terminal'.
src/components/assets/AssetDetailsView.tsx(203,28): error TS2304: Cannot find name 'Activity'.
src/components/assets/AssetDetailsView.tsx(211,28): error TS2304: Cannot find name 'AlertTriangle'.
src/components/assets/AssetDetailsView.tsx(218,28): error TS2304: Cannot find name 'RefreshCw'.
src/components/assets/AssetDetailsView.tsx(228,25): error TS2304: Cannot find name 'Activity'.
src/components/assets/AssetDetailsView.tsx(245,25): error TS2304: Cannot find name 'Book'.
src/components/assets/AssetDetailsView.tsx(262,25): error TS2304: Cannot find name 'Settings'.
src/components/assets/AssetDetailsView.tsx(294,23): error TS2304: Cannot find name 'useQueryClient'.
src/components/assets/AssetDetailsView.tsx(295,33): error TS2304: Cannot find name 'useState'.
src/components/assets/AssetDetailsView.tsx(297,20): error TS2304: Cannot find name 'useMutation'.
src/components/assets/AssetDetailsView.tsx(299,25): error TS2304: Cannot find name 'apiFetch'.
src/components/assets/AssetDetailsView.tsx(316,60): error TS2304: Cannot find name 'toast'.
src/components/assets/AssetDetailsView.tsx(324,23): error TS2304: Cannot find name 'useQueryClient'.
src/components/assets/AssetDetailsView.tsx(325,30): error TS2304: Cannot find name 'useQuery'.
src/components/assets/AssetDetailsView.tsx(325,111): error TS2304: Cannot find name 'apiFetch'.
src/components/assets/AssetDetailsView.tsx(326,37): error TS2304: Cannot find name 'useState'.
src/components/assets/AssetDetailsView.tsx(327,35): error TS2304: Cannot find name 'useState'.
src/components/assets/AssetDetailsView.tsx(328,43): error TS2304: Cannot find name 'useState'.
src/components/assets/AssetDetailsView.tsx(330,23): error TS2304: Cannot find name 'useMutation'.
src/components/assets/AssetDetailsView.tsx(331,39): error TS2304: Cannot find name 'apiFetch'.
src/components/assets/AssetDetailsView.tsx(332,94): error TS2304: Cannot find name 'toast'.
src/components/assets/AssetDetailsView.tsx(333,26): error TS2304: Cannot find name 'toast'.
src/components/assets/AssetDetailsView.tsx(336,26): error TS2304: Cannot find name 'useMutation'.
src/components/assets/AssetDetailsView.tsx(337,38): error TS2304: Cannot find name 'apiFetch'.
src/components/assets/AssetDetailsView.tsx(344,9): error TS2304: Cannot find name 'toast'.
src/components/assets/AssetDetailsView.tsx(346,26): error TS2304: Cannot find name 'toast'.
src/components/assets/AssetDetailsView.tsx(375,22): error TS2304: Cannot find name 'StyledSelect'.
src/components/assets/AssetDetailsView.tsx(403,152): error TS2304: Cannot find name 'Check'.
src/components/assets/AssetDetailsView.tsx(404,133): error TS2304: Cannot find name 'X'.
src/components/assets/AssetDetailsView.tsx(408,192): error TS2304: Cannot find name 'Edit2'.
src/components/assets/AssetDetailsView.tsx(409,296): error TS2304: Cannot find name 'Trash2'.
src/components/assets/AssetDetailsView.tsx(415,54): error TS2304: Cannot find name 'WorkspaceEmptyState'.
src/components/assets/AssetDetailsView.tsx(418,8): error TS2304: Cannot find name 'ConfirmationModal'.
src/components/assets/AssetDetailsView.tsx(431,23): error TS2304: Cannot find name 'useQueryClient'.
src/components/assets/AssetDetailsView.tsx(432,31): error TS2304: Cannot find name 'useState'.
src/components/assets/AssetDetailsView.tsx(434,20): error TS2304: Cannot find name 'useMutation'.
src/components/assets/AssetDetailsView.tsx(436,25): error TS2304: Cannot find name 'apiFetch'.
src/components/assets/AssetDetailsView.tsx(440,192): error TS2304: Cannot find name 'toast'.
src/components/assets/AssetDetailsView.tsx(455,13): error TS2304: Cannot find name 'StyledSelect'.
src/components/assets/AssetDetailsView.tsx(474,92): error TS2304: Cannot find name 'toast'.
src/components/assets/AssetDetailsView.tsx(482,23): error TS2304: Cannot find name 'useQueryClient'.
src/components/assets/AssetDetailsView.tsx(483,29): error TS2304: Cannot find name 'useQuery'.
src/components/assets/AssetDetailsView.tsx(483,115): error TS2304: Cannot find name 'apiFetch'.
src/components/assets/AssetDetailsView.tsx(484,37): error TS2304: Cannot find name 'useState'.
src/components/assets/AssetDetailsView.tsx(485,35): error TS2304: Cannot find name 'useState'.
src/components/assets/AssetDetailsView.tsx(486,39): error TS2304: Cannot find name 'useState'.
src/components/assets/AssetDetailsView.tsx(487,43): error TS2304: Cannot find name 'useState'.
src/components/assets/AssetDetailsView.tsx(493,23): error TS2304: Cannot find name 'useMutation'.
src/components/assets/AssetDetailsView.tsx(494,39): error TS2304: Cannot find name 'apiFetch'.
src/components/assets/AssetDetailsView.tsx(495,99): error TS2304: Cannot find name 'toast'.
src/components/assets/AssetDetailsView.tsx(496,26): error TS2304: Cannot find name 'toast'.
src/components/assets/AssetDetailsView.tsx(499,26): error TS2304: Cannot find name 'useMutation'.
src/components/assets/AssetDetailsView.tsx(500,38): error TS2304: Cannot find name 'apiFetch'.
src/components/assets/AssetDetailsView.tsx(503,119): error TS2304: Cannot find name 'toast'.
src/components/assets/AssetDetailsView.tsx(504,26): error TS2304: Cannot find name 'toast'.
src/components/assets/AssetDetailsView.tsx(532,22): error TS2304: Cannot find name 'StyledSelect'.
src/components/assets/AssetDetailsView.tsx(552,57): error TS2304: Cannot find name 'EyeOff'.
src/components/assets/AssetDetailsView.tsx(552,79): error TS2304: Cannot find name 'Eye'.
src/components/assets/AssetDetailsView.tsx(565,152): error TS2304: Cannot find name 'Check'.
src/components/assets/AssetDetailsView.tsx(566,133): error TS2304: Cannot find name 'X'.
src/components/assets/AssetDetailsView.tsx(570,192): error TS2304: Cannot find name 'Edit2'.
src/components/assets/AssetDetailsView.tsx(571,291): error TS2304: Cannot find name 'Trash2'.
src/components/assets/AssetDetailsView.tsx(580,8): error TS2304: Cannot find name 'ConfirmationModal'.
src/components/assets/AssetDetailsView.tsx(593,23): error TS2304: Cannot find name 'useQueryClient'.
src/components/assets/AssetDetailsView.tsx(594,29): error TS2304: Cannot find name 'useQuery'.
src/components/assets/AssetDetailsView.tsx(594,98): error TS2304: Cannot find name 'apiFetch'.
src/components/assets/AssetDetailsView.tsx(596,17): error TS2304: Cannot find name 'useMemo'.
src/components/assets/AssetDetailsView.tsx(604,25): error TS2304: Cannot find name 'useMemo'.
src/components/assets/AssetDetailsView.tsx(606,31): error TS2304: Cannot find name 'useState'.
src/components/assets/AssetDetailsView.tsx(613,20): error TS2304: Cannot find name 'useMutation'.
src/components/assets/AssetDetailsView.tsx(615,25): error TS2304: Cannot find name 'apiFetch'.
src/components/assets/AssetDetailsView.tsx(624,9): error TS2304: Cannot find name 'toast'.
src/components/assets/AssetDetailsView.tsx(649,20): error TS2304: Cannot find name 'useMemo'.
src/components/assets/AssetDetailsView.tsx(667,17): error TS2304: Cannot find name 'StyledSelect'.
src/components/assets/AssetDetailsView.tsx(681,20): error TS2304: Cannot find name 'ArrowRightLeft'.
src/components/assets/AssetDetailsView.tsx(686,17): error TS2304: Cannot find name 'StyledSelect'.
src/components/assets/AssetDetailsView.tsx(695,17): error TS2304: Cannot find name 'StyledSelect'.
src/components/assets/AssetDetailsView.tsx(711,68): error TS2304: Cannot find name 'toast'.
src/components/assets/AssetDetailsView.tsx(714,17): error TS2304: Cannot find name 'Plus'.
src/components/assets/AssetDetailsView.tsx(724,23): error TS2304: Cannot find name 'useQueryClient'.
src/components/assets/AssetDetailsView.tsx(725,35): error TS2304: Cannot find name 'useQuery'.
src/components/assets/AssetDetailsView.tsx(725,117): error TS2304: Cannot find name 'apiFetch'.
src/components/assets/AssetDetailsView.tsx(726,29): error TS2304: Cannot find name 'useQuery'.
src/components/assets/AssetDetailsView.tsx(726,98): error TS2304: Cannot find name 'apiFetch'.
src/components/assets/AssetDetailsView.tsx(727,43): error TS2304: Cannot find name 'useState'.
src/components/assets/AssetDetailsView.tsx(728,37): error TS2304: Cannot find name 'useState'.
src/components/assets/AssetDetailsView.tsx(729,35): error TS2304: Cannot find name 'useState'.
src/components/assets/AssetDetailsView.tsx(731,25): error TS2304: Cannot find name 'useMemo'.
src/components/assets/AssetDetailsView.tsx(733,23): error TS2304: Cannot find name 'useMutation'.
src/components/assets/AssetDetailsView.tsx(734,39): error TS2304: Cannot find name 'apiFetch'.
src/components/assets/AssetDetailsView.tsx(735,95): error TS2304: Cannot find name 'toast'.
src/components/assets/AssetDetailsView.tsx(736,26): error TS2304: Cannot find name 'toast'.
src/components/assets/AssetDetailsView.tsx(739,26): error TS2304: Cannot find name 'useMutation'.
src/components/assets/AssetDetailsView.tsx(740,38): error TS2304: Cannot find name 'apiFetch'.
src/components/assets/AssetDetailsView.tsx(743,115): error TS2304: Cannot find name 'toast'.
src/components/assets/AssetDetailsView.tsx(744,26): error TS2304: Cannot find name 'toast'.
src/components/assets/AssetDetailsView.tsx(805,28): error TS2304: Cannot find name 'ArrowRightLeft'.
src/components/assets/AssetDetailsView.tsx(837,165): error TS2304: Cannot find name 'Check'.
src/components/assets/AssetDetailsView.tsx(838,148): error TS2304: Cannot find name 'X'.
src/components/assets/AssetDetailsView.tsx(842,192): error TS2304: Cannot find name 'Edit2'.
src/components/assets/AssetDetailsView.tsx(843,293): error TS2304: Cannot find name 'Trash2'.
src/components/assets/AssetDetailsView.tsx(853,8): error TS2304: Cannot find name 'ConfirmationModal'.
src/components/External.tsx(1448,13): error TS2304: Cannot find name 'setGridApi'.
src/components/External.tsx(1449,13): error TS2304: Cannot find name 'setGridColumnApi'.
src/components/FAR.tsx(25,10): error TS2724: '"./MonitoringGrid"' has no exported member named 'MonitoringForm'. Did you mean 'MonitoringOwner'?
src/components/monitoring/BkmDetailModal.tsx(4,3): error TS2305: Module '"../shared/OperationalWorkspacePrimitives"' has no exported member 'WorkspaceDossierShell'.
src/components/monitoring/BkmDetailModal.tsx(20,41): error TS2304: Cannot find name 'useState'.
src/components/monitoring/BkmDetailModal.tsx(36,14): error TS2304: Cannot find name 'BookOpen'.
src/components/monitoring/BkmDetailModal.tsx(44,15): error TS2304: Cannot find name 'Clock'.
src/components/monitoring/BkmDetailModal.tsx(51,21): error TS2304: Cannot find name 'Zap'.
src/components/monitoring/BkmDetailModal.tsx(79,24): error TS2304: Cannot find name 'User'.
src/components/monitoring/BkmListModal.tsx(4,3): error TS2305: Module '"../shared/OperationalWorkspacePrimitives"' has no exported member 'WorkspaceDossierShell'.
src/components/monitoring/BkmListModal.tsx(20,41): error TS2304: Cannot find name 'useState'.
src/components/monitoring/BkmListModal.tsx(21,23): error TS2304: Cannot find name 'useQueryClient'.
src/components/monitoring/BkmListModal.tsx(22,47): error TS2304: Cannot find name 'useState'.
src/components/monitoring/BkmListModal.tsx(23,35): error TS2304: Cannot find name 'useState'.
src/components/monitoring/BkmListModal.tsx(26,26): error TS2304: Cannot find name 'useMemo'.
src/components/monitoring/BkmListModal.tsx(31,27): error TS2304: Cannot find name 'MonitoringRecoveryDoc'.
src/components/monitoring/BkmListModal.tsx(34,39): error TS2304: Cannot find name 'useState'.
src/components/monitoring/BkmListModal.tsx(34,48): error TS2304: Cannot find name 'MonitoringRecoveryDoc'.
src/components/monitoring/BkmListModal.tsx(36,3): error TS2304: Cannot find name 'useEffect'.
src/components/monitoring/BkmListModal.tsx(45,29): error TS2304: Cannot find name 'useMemo'.
src/components/monitoring/BkmListModal.tsx(55,20): error TS2304: Cannot find name 'useMutation'.
src/components/monitoring/BkmListModal.tsx(56,34): error TS2304: Cannot find name 'MonitoringRecoveryDoc'.
src/components/monitoring/BkmListModal.tsx(70,7): error TS2304: Cannot find name 'showWorkspaceToast'.
src/components/monitoring/BkmListModal.tsx(72,26): error TS2304: Cannot find name 'showWorkspaceToast'.
src/components/monitoring/BkmListModal.tsx(75,19): error TS2304: Cannot find name 'useMemo'.
src/components/monitoring/BkmListModal.tsx(105,14): error TS2304: Cannot find name 'BookOpen'.
src/components/monitoring/BkmListModal.tsx(129,28): error TS2304: Cannot find name 'X'.
src/components/monitoring/BkmListModal.tsx(129,45): error TS2304: Cannot find name 'Plus'.
src/components/monitoring/BkmListModal.tsx(138,20): error TS2304: Cannot find name 'Search'.
src/components/monitoring/BkmListModal.tsx(157,25): error TS2304: Cannot find name 'Plus'.
src/components/monitoring/BkmListModal.tsx(170,35): error TS2304: Cannot find name 'MonitoringRecoveryDoc'.
src/components/monitoring/BkmListModal.tsx(190,33): error TS2304: Cannot find name 'Clock'.
src/components/monitoring/BkmListModal.tsx(192,59): error TS2304: Cannot find name 'formatAppDate'.
src/components/monitoring/BkmListModal.tsx(204,27): error TS2304: Cannot find name 'Trash2'.
src/components/monitoring/BkmListModal.tsx(217,24): error TS2304: Cannot find name 'MessageSquare'.
src/components/monitoring/BkmListModal.tsx(226,28): error TS2304: Cannot find name 'BookOpen'.
src/components/MonitoringGrid.tsx(101,14): error TS2395: Individual declarations in merged declaration 'LOGIC_TYPES' must be all exported or all local.
src/components/MonitoringGrid.tsx(109,14): error TS2395: Individual declarations in merged declaration 'LOGIC_SUGGESTIONS' must be all exported or all local.
src/components/MonitoringGrid.tsx(115,14): error TS2395: Individual declarations in merged declaration 'getLogicExtensions' must be all exported or all local.
src/components/MonitoringGrid.tsx(131,13): error TS2395: Individual declarations in merged declaration 'MonitoringFormErrors' must be all exported or all local.
src/components/MonitoringGrid.tsx(1044,17): error TS2345: Argument of type '{ ids: any; titles: any; monitorId: any; }' is not assignable to parameter of type 'SetStateAction<{ docs: number[]; ids: number[]; titles: string[]; monitorId?: number; }>'.
  Property 'docs' is missing in type '{ ids: any; titles: any; monitorId: any; }' but required in type '{ docs: number[]; ids: number[]; titles: string[]; monitorId?: number; }'.
src/components/MonitoringGrid.tsx(3016,77): error TS2345: Argument of type '{ docs: any; monitorId: any; }' is not assignable to parameter of type 'SetStateAction<{ docs: number[]; ids: number[]; titles: string[]; monitorId?: number; }>'.
  Type '{ docs: any; monitorId: any; }' is missing the following properties from type '{ docs: number[]; ids: number[]; titles: string[]; monitorId?: number; }': ids, titles
src/components/MonitoringGrid.tsx(3506,29): error TS2304: Cannot find name 'item'.
src/components/MonitoringGrid.tsx(3866,7): error TS2395: Individual declarations in merged declaration 'LOGIC_TYPES' must be all exported or all local.
src/components/MonitoringGrid.tsx(3868,7): error TS2395: Individual declarations in merged declaration 'LOGIC_SUGGESTIONS' must be all exported or all local.
src/components/MonitoringGrid.tsx(3878,7): error TS2395: Individual declarations in merged declaration 'getLogicExtensions' must be all exported or all local.
src/components/MonitoringGrid.tsx(3883,6): error TS2395: Individual declarations in merged declaration 'MonitoringFormErrors' must be all exported or all local.
src/components/Racks.tsx(790,23): error TS2304: Cannot find name 'gridApi'.
src/components/ServiceRegistry.tsx(567,15): error TS2304: Cannot find name 'setGridApi'.
src/components/ServiceRegistry.tsx(568,15): error TS2304: Cannot find name 'setGridColumnApi'.
src/components/shared/FARModals.tsx(9,10): error TS2724: '"../MonitoringGrid"' has no exported member named 'MonitoringForm'. Did you mean 'MonitoringOwner'?
src/stores/errorStore.test.tsx(6,10): error TS1323: Dynamic imports are only supported when the '--module' flag is set to 'es2020', 'es2022', 'esnext', 'commonjs', 'amd', 'system', 'umd', 'node16', 'node18', 'node20', or 'nodenext'.
src/stores/errorStore.test.tsx(156,25): error TS1323: Dynamic imports are only supported when the '--module' flag is set to 'es2020', 'es2022', 'esnext', 'commonjs', 'amd', 'system', 'umd', 'node16', 'node18', 'node20', or 'nodenext'.
